// Jest Snapshot v1, https://goo.gl/fbAQLP

exports[`App renders correctly 1`] = `
<div
  id="app"
>
  <div
    id="content"
  >
    <div
      class="space-all-row fixed-top"
    >
      <div
        id="time-display"
      >
        <timedisplay-stub
          showtime="true"
          timedate="May 29th 2020"
          timehours="2:28 pm"
        />
      </div>
    </div>
     
    <div
      class="row"
      style="margin-top: 60px;"
    >
      <div
        class="col-sm-12 col-md-8"
      >
        <news-stub />
      </div>
       
      <div
        class="col-sm-12 col-md-4 shadow-card"
        id="tools"
      >
        <span
          id="time-converter"
        />
         
        <p
          style="margin: 10px 0px;"
        >
          <strong>
            
            Your Dashboard Tools
          
          </strong>
        </p>
         
        <div
          class="left-all-row"
        >
          <scrollbutton-stub
            customclass="btn-outline-secondary"
            target="#calculator"
            text="calculator"
          />
          <scrollbutton-stub
            customclass="btn-outline-secondary"
            target="#time-converter"
            text="time converter"
          />
        </div>
         
        <div>
          <timeconverter-stub />
        </div>
         
        <div>
          <calculator-stub
            msg="Calculator"
          />
        </div>
      </div>
    </div>
  </div>
   
  <div
    class="center-all-row fixed-bottom scroll-to-top"
  >
    <scrollbutton-stub
      customclass="btn-secondary"
      target="#app"
      text="back to top"
    />
  </div>
</div>
`;
