// Jest Snapshot v1, https://goo.gl/fbAQLP

exports[`Calculator renders correctly 1`] = `
<div
  id="calculator-component"
>
  <h4>
    Calculator
  </h4>
   
  <div
    class="expression-window"
  >
    <div
      class="expression-text"
    >
      0 
    </div>
     
    <!---->
  </div>
   
  <div
    class="calculator-buttons"
  >
    <div
      id="calculator-button-row-1"
    >
      <button
        class="calculator-button btn btn-secondary"
        id="calculator-button-0-0"
      >
        
         (
      
      </button>
      <button
        class="calculator-button btn btn-secondary"
        id="calculator-button-0-1"
      >
        
        ) 
      
      </button>
      <button
        class="calculator-button btn btn-secondary"
        id="calculator-button-0-2"
      >
        
         % 
      
      </button>
      <button
        class="calculator-button btn btn-secondary"
        id="calculator-button-0-3"
      >
        
        CE
      
      </button>
    </div>
    <div
      id="calculator-button-row-2"
    >
      <button
        class="calculator-button btn btn-light"
        id="calculator-button-1-0"
      >
        
        7
      
      </button>
      <button
        class="calculator-button btn btn-light"
        id="calculator-button-1-1"
      >
        
        8
      
      </button>
      <button
        class="calculator-button btn btn-light"
        id="calculator-button-1-2"
      >
        
        9
      
      </button>
      <button
        class="calculator-button btn btn-secondary"
        id="calculator-button-1-3"
      >
        
         / 
      
      </button>
    </div>
    <div
      id="calculator-button-row-3"
    >
      <button
        class="calculator-button btn btn-light"
        id="calculator-button-2-0"
      >
        
        4
      
      </button>
      <button
        class="calculator-button btn btn-light"
        id="calculator-button-2-1"
      >
        
        5
      
      </button>
      <button
        class="calculator-button btn btn-light"
        id="calculator-button-2-2"
      >
        
        6
      
      </button>
      <button
        class="calculator-button btn btn-secondary"
        id="calculator-button-2-3"
      >
        
         x 
      
      </button>
    </div>
    <div
      id="calculator-button-row-4"
    >
      <button
        class="calculator-button btn btn-light"
        id="calculator-button-3-0"
      >
        
        1
      
      </button>
      <button
        class="calculator-button btn btn-light"
        id="calculator-button-3-1"
      >
        
        2
      
      </button>
      <button
        class="calculator-button btn btn-light"
        id="calculator-button-3-2"
      >
        
        3
      
      </button>
      <button
        class="calculator-button btn btn-secondary"
        id="calculator-button-3-3"
      >
        
         - 
      
      </button>
    </div>
    <div
      id="calculator-button-row-5"
    >
      <button
        class="calculator-button btn btn-light"
        id="calculator-button-4-0"
      >
        
        0
      
      </button>
      <button
        class="calculator-button btn btn-light"
        id="calculator-button-4-1"
      >
        
        .
      
      </button>
      <button
        class="calculator-button btn btn-primary"
        id="calculator-button-4-2"
      >
        
        =
      
      </button>
      <button
        class="calculator-button btn btn-secondary"
        id="calculator-button-4-3"
      >
        
         + 
      
      </button>
    </div>
  </div>
</div>
`;
