// Jest Snapshot v1, https://goo.gl/fbAQLP

exports[`News renders correctly 1`] = `
<div
  id="news-component"
>
  <div
    class="news-articles-holder left-all-col"
  >
    <div
      style="width: 100%;"
    >
      <div
        class="left-all-row"
        style="width: 100%;"
      >
        <p
          style="margin: 0px 10px 0px 0px;"
        >
          <strong>
            Top News since
            
            <strong
              style="color: rgb(0, 123, 255);"
            >
              2020-05-21
            </strong>
          </strong>
        </p>
         
        <button
          class="btn btn-sm btn-outline-primary"
        >
          
          last day
        
        </button>
         
        <button
          class="btn btn-sm btn-outline-primary"
        >
          
          last week
        
        </button>
         
        <button
          class="btn btn-sm btn-outline-primary"
        >
          
          last month
        
        </button>
      </div>
       
      <div
        class="left-all-row"
      >
        <input
          class="search-input"
          type="text"
        />
         
        <button
          class="btn btn-sm btn-primary"
        >
          
          search
        
        </button>
         
        <div
          class="spinner-border text-primary"
          role="status"
        >
          <span
            class="sr-only"
          >
            Loading...
          </span>
        </div>
      </div>
    </div>
     
    <div
      class="news-article shadow-card"
    >
      <div
        class="space-all-row"
      >
        <div
          class="left-all-col"
        >
          <p
            class="article-title"
          >
            Musk's SpaceX set for debut astronaut mission, renewing NASA's crewed launch program - TheChronicleHerald.ca
          </p>
           
          <p>
            2020-05-26
          </p>
        </div>
         
        <img
          alt="article image"
          class="article-image"
          src="https://www.thechronicleherald.ca/media/photologue/photos/cache/musks-spacex-set-for-debut-astronaut-mission-renewing-nasas-crewed-launch-program_medium"
        />
      </div>
       
      <p
        class="article-author"
      >
        <span>
          Joey Roulette, 
        </span>
        <span>
          
          from TheChronicleHerald.ca
        </span>
      </p>
       
      <p
        class="article-description"
      >
        <span>
          By Joey Roulette
CAPE CANAVERAL, Fla. (Reuters) - Entrepreneur Elon Musk's SpaceX is set to launch two American astronauts to the International Space Station on Wednesday from NASA's Kennedy Space C… 
        </span>
      </p>
       
      <a
        alt="article link"
        href="https://www.thechronicleherald.ca/news/world/musks-spacex-set-for-debut-astronaut-mission-renewing-nasas-crewed-launch-program-453854/"
        target="_blank"
      >
           read full article
      </a>
    </div>
    <div
      class="news-article shadow-card"
    >
      <div
        class="space-all-row"
      >
        <div
          class="left-all-col"
        >
          <p
            class="article-title"
          >
            U.S. Memorial Day crowds small, subdued amid coronavirus pandemic - Global News
          </p>
           
          <p>
            2020-05-25
          </p>
        </div>
         
        <img
          alt="article image"
          class="article-image"
          src="https://shawglobalnews.files.wordpress.com/2020/05/1000-32.jpeg?quality=70&strip=all&w=720&h=379&crop=1"
        />
      </div>
       
      <p
        class="article-author"
      >
        <span>
          Curt Anderson And Brian Mahoney, 
        </span>
        <span>
          
          from Global News
        </span>
      </p>
       
      <p
        class="article-description"
      >
        <span>
          Americans settled for small processions and online tributes instead of parades Monday as they observed Memorial Day in the shadow of the pandemic, which forced communities to honour the nation’s mili… 
        </span>
      </p>
       
      <a
        alt="article link"
        href="http://globalnews.ca/news/6981600/coronavirus-memorial-day-warnings/"
        target="_blank"
      >
           read full article
      </a>
    </div>
  </div>
</div>
`;
