// Jest Snapshot v1, https://goo.gl/fbAQLP

exports[`TimeConverter renders correctly 1`] = `
<div
  class="time-converter-component top-left-all-col"
>
  <h3>
    Time Converter
  </h3>
   
  <div
    class="space-all-row row"
    id="current-unix-time"
  >
    <div
      class="left-all-col"
    >
      <p
        style="margin: 0px;"
      >
        <strong>
          Unix Timestamp:
        </strong>
      </p>
       
      <input
        class="unix-time-input"
        type="text"
      />
       
      <button
        class="btn btn-sm btn-primary"
      >
        
        sync time & date
      
      </button>
    </div>
  </div>
   
  <hr />
   
  <div
    class="space-all-row row"
    id="current-verbal-time"
  >
    <div
      class="left-all-col"
    >
      <p
        style="margin: 0px;"
      >
        <strong>
          Time & Date:
        </strong>
      </p>
       
      <div
        class="row"
        style="margin-right: 20px;"
      >
        <div
          class="time-input-holder col-xs-12 col-sm-12 col-md-6 col-lg-4"
        >
          <p
            style="margin: 0px;"
          >
            <strong>
              Month
            </strong>
          </p>
           
          <input
            class="regular-time-input"
            name="Month"
            type="text"
          />
        </div>
        <div
          class="time-input-holder col-xs-12 col-sm-12 col-md-6 col-lg-4"
        >
          <p
            style="margin: 0px;"
          >
            <strong>
              Day
            </strong>
          </p>
           
          <input
            class="regular-time-input"
            name="Day"
            type="text"
          />
        </div>
        <div
          class="time-input-holder col-xs-12 col-sm-12 col-md-6 col-lg-4"
        >
          <p
            style="margin: 0px;"
          >
            <strong>
              Year
            </strong>
          </p>
           
          <input
            class="regular-time-input"
            name="Year"
            type="text"
          />
        </div>
        <div
          class="time-input-holder col-xs-12 col-sm-12 col-md-6 col-lg-4"
        >
          <p
            style="margin: 0px;"
          >
            <strong>
              Hour
            </strong>
          </p>
           
          <input
            class="regular-time-input"
            name="Hour"
            type="text"
          />
        </div>
        <div
          class="time-input-holder col-xs-12 col-sm-12 col-md-6 col-lg-4"
        >
          <p
            style="margin: 0px;"
          >
            <strong>
              Minute
            </strong>
          </p>
           
          <input
            class="regular-time-input"
            name="Minute"
            type="text"
          />
        </div>
        <div
          class="time-input-holder col-xs-12 col-sm-12 col-md-6 col-lg-4"
        >
          <p
            style="margin: 0px;"
          >
            <strong>
              Second
            </strong>
          </p>
           
          <input
            class="regular-time-input"
            name="Second"
            type="text"
          />
        </div>
      </div>
       
      <button
        class="btn btn-sm btn-primary"
      >
        
        sync unix timestamp
      
      </button>
    </div>
  </div>
</div>
`;
