// Jest Snapshot v1, https://goo.gl/fbAQLP

exports[`TimeConverter renders correctly 1`] = `
<div
  class="time-converter-component top-left-all-col"
>
  <div
    class="top-left-all-row row"
    id="current-unix-time"
  >
    <div
      class="col-sm-4"
      style="padding: 0px;"
    >
      <strong>
        Unix Timestamp:
      </strong>
    </div>
     
    <input
      class="unix-time-input col-sm-8"
      type="text"
    />
  </div>
   
  <div
    class="top-left-all-row row"
    id="current-verbal-time"
  >
    <p
      class="col-sm-4"
      style="font-size: 16pt;"
    >
      <strong>
        Regular Time & Date:
      </strong>
    </p>
     
    <div
      class="col-sm-8"
    >
      <div
        class="row"
        style="margin-right: 20px;"
      >
        <div
          class="time-input-holder col-xs-6 col-sm-4 col-md-2 col-lg-2"
        >
          <p>
            Month
          </p>
           
          <input
            class="regular-time-input"
            name="Month"
            type="text"
          />
        </div>
        <div
          class="time-input-holder col-xs-6 col-sm-4 col-md-2 col-lg-2"
        >
          <p>
            Day
          </p>
           
          <input
            class="regular-time-input"
            name="Day"
            type="text"
          />
        </div>
        <div
          class="time-input-holder col-xs-6 col-sm-4 col-md-2 col-lg-2"
        >
          <p>
            Year
          </p>
           
          <input
            class="regular-time-input"
            name="Year"
            type="text"
          />
        </div>
        <div
          class="time-input-holder col-xs-6 col-sm-4 col-md-2 col-lg-2"
        >
          <p>
            Hour
          </p>
           
          <input
            class="regular-time-input"
            name="Hour"
            type="text"
          />
        </div>
        <div
          class="time-input-holder col-xs-6 col-sm-4 col-md-2 col-lg-2"
        >
          <p>
            Minute
          </p>
           
          <input
            class="regular-time-input"
            name="Minute"
            type="text"
          />
        </div>
        <div
          class="time-input-holder col-xs-6 col-sm-4 col-md-2 col-lg-2"
        >
          <p>
            Second
          </p>
           
          <input
            class="regular-time-input"
            name="Second"
            type="text"
          />
        </div>
      </div>
    </div>
  </div>
</div>
`;
