// Jest Snapshot v1, https://goo.gl/fbAQLP

exports[`TimeDisplay renders correctly 1`] = `
<div
  class="time-display-component"
>
  <div
    class="space-all-row"
    id="current-time"
  >
    <div
      class="app-title left-all-row"
    >
      <img
        alt="Vuejs icon"
        id="vue-image"
        src="../assets/images/vuejs.png"
      />
       
      <strong>
        uejs Dashboard
      </strong>
    </div>
     
    <div>
      <span
        class="time-date"
      >
        
        May 28th 2020, 
        <span
          class="time-hours"
        >
          7:42 am
        </span>
      </span>
    </div>
  </div>
</div>
`;
